{
    "Test pipeline with default parameters": {
        "content": [
            4,
            {
                "MICROFINDER_FILTER": {
                    "coreutils": 9.1
                },
                "MINIPROT_ALIGN": {
                    "miniprot": "0.11-r234"
                },
                "MINIPROT_INDEX": {
                    "miniprot": "0.11-r234"
                },
                "RENAME_FALLBACK_OUTPUT": {
                    "coreutils": 9.1
                },
                "Workflow": {
                    "sanger-tol/nfmicrofinder": "v1.0.0"
                }
            },
            [
                "microfinder",
                "microfinder/bTaeGut1.MicroFinder.order.tsv",
                "microfinder/final.fa",
                "miniprot",
                "miniprot/MicroFinder_prot_set.v0.1.fa_aligned.gff",
                "miniprot/Taeniopygia_guttata.bTaeGut1_v1.p.dna.primary_assembly.1.fa.mpi",
                [
                    "execution_trace_2025-09-16_21-19-59.txt:md5,8ad4a81ac400f067841cbfb3f18e6889",
                    "params_2025-09-16_21-20-05.json:md5,9d287b14ba2040c988b7d5ec3209a6c4"
                ],
                "pipeline_info/nfmicrofinder_software_versions.yml"
            ],
            [
                "bTaeGut1.MicroFinder.order.tsv:md5,d41d8cd98f00b204e9800998ecf8427e",
                "final.fa:md5,cef9ba9b0ee7934e24dbc8888f901966",
                "MicroFinder_prot_set.v0.1.fa_aligned.gff:md5,10b706880b50e0df5ae0459a7213e07a",
                "Taeniopygia_guttata.bTaeGut1_v1.p.dna.primary_assembly.1.fa.mpi:md5,b5825c8386cc3338685902e999e7088c"
            ]
        ],
        "meta": {
            "nf-test": "0.9.2",
            "nextflow": "25.04.6"
        },
        "timestamp": "2025-09-23T22:07:40.59490712"
    }
}