{
    "Test pipeline with default parameters": {
        "content": [
            {
                "MICROFINDER_FILTER": {
                    "coreutils": 9.1
                },
                "MINIPROT_ALIGN": {
                    "miniprot": "0.11-r234"
                },
                "MINIPROT_INDEX": {
                    "miniprot": "0.11-r234"
                },
                "RENAME_SORTED_OUTPUT": {
                    "coreutils": 9.1
                },
                "SORT_FASTA": {
                    "ruby": "3.2.6"
                },
                "Workflow": {
                    "sanger-tol/nfmicrofinder": "v1.0.1"
                }
            },
            [
                "microfinder",
                "microfinder/bTaeGut1.MicroFinder.order.tsv",
                "microfinder/bTaeGut1.MicroFinder.ordered.fa",
                "microfinder/final.fa",
                "miniprot",
                "miniprot/MicroFinder_prot_set.v0.1.fa_aligned.gff",
                "miniprot/Taeniopygia_guttata.bTaeGut1_v1.p.dna.primary_assembly.1.mpi",
                "pipeline_info",
                "pipeline_info/nfmicrofinder_software_versions.yml"
            ],
            [
                "bTaeGut1.MicroFinder.order.tsv:md5,6b4e89a8ac8462b39aea641d21241e83",
                "bTaeGut1.MicroFinder.ordered.fa:md5,d71649c7e77ef65f95bd34f4ba6a2aa0",
                "final.fa:md5,d71649c7e77ef65f95bd34f4ba6a2aa0",
                "MicroFinder_prot_set.v0.1.fa_aligned.gff:md5,893e2fe463f16c55b4b512ae364a7592",
                "Taeniopygia_guttata.bTaeGut1_v1.p.dna.primary_assembly.1.mpi:md5,b5825c8386cc3338685902e999e7088c"
            ]
        ],
        "timestamp": "2026-08-14T16:32:01.205830016",
        "meta": {
            "nf-test": "0.9.5",
            "nextflow": "26.04.0"
        }
    }
}